// 重构日志: 80770cdd
// 重构日志: faf03e85
// 重构日志: bf90089b
// 同步 ID: 0a879802 @ Sun Jul 26 15:29:34 UTC 2026
// 重构日志: 29ae9894
// 同步 ID: 46b6ce35 @ Tue Jul 28 07:28:54 UTC 2026
// 重构日志: c5c62c50
// 重构日志: d75b0642
// 重构日志: 95c60a5f
// 同步 ID: 4ea31d3b @ Wed Jul 29 07:38:53 UTC 2026
// 同步 ID: 9dcf05e4 @ Thu Jul 30 03:53:54 UTC 2026
// 同步 ID: 450845ba @ Thu Jul 30 07:20:53 UTC 2026
// 同步 ID: 59276e0b @ Fri Jul 31 16:54:33 UTC 2026
// 同步 ID: c95f2997 @ Sat Aug  1 00:17:43 UTC 2026
// 同步 ID: 0412b2a1 @ Sat Aug  1 04:51:55 UTC 2026
// 重构日志: 841de978
// 重构日志: 21166400
// 重构日志: f79b2676
// 重构日志: 52177434
// 同步 ID: 5cb520f8 @ Sun Aug  2 10:37:16 UTC 2026
// 同步 ID: 45be4dd0 @ Sun Aug  2 11:35:16 UTC 2026
// 重构日志: 25050a04
// 同步 ID: 9ace8f45 @ Sun Aug  2 17:57:29 UTC 2026
// 重构日志: 83b14778
// 重构日志: 8512a075
// 重构日志: 4985e570
// 同步 ID: 39a2844e @ Wed Aug  5 04:26:01 UTC 2026
// 同步 ID: e13e331f @ Wed Aug  5 07:08:05 UTC 2026
// 重构日志: 056a98ba
// 同步 ID: f1e755cb @ Thu Aug  6 12:37:48 UTC 2026
// 重构日志: d48b5392
// 重构日志: b03eea6d
// 重构日志: c0280227
